(node:63168) [DEP0169] DeprecationWarning: `url.parse()` behavior is not standardized and prone to errors that have security implications. Use the WHATWG URL API instead. CVEs are not issued for `url.parse()` vulnerabilities.
(Use `node --trace-deprecation ...` to show where the warning was created)
Lockfile is up to date, resolution step is skipped
Progress: resolved 1, reused 0, downloaded 0, added 0
Packages: +412
++++++++++++++++++++++++++++++++++++++++++++++++++++++++++++++++++++++++++++++++
Progress: resolved 412, reused 411, downloaded 0, added 205
Progress: resolved 412, reused 412, downloaded 0, added 348
Progress: resolved 412, reused 412, downloaded 0, added 407
Progress: resolved 412, reused 412, downloaded 0, added 412, done
.../esbuild@0.25.12/node_modules/esbuild postinstall$ node install.js
.../esbuild@0.18.20/node_modules/esbuild postinstall$ node install.js
.../esbuild@0.28.2/node_modules/esbuild postinstall$ node install.js
.../node_modules/unrs-resolver postinstall$ node postinstall.js
.../node_modules/unrs-resolver postinstall: Done
.../esbuild@0.18.20/node_modules/esbuild postinstall: Done
.../esbuild@0.25.12/node_modules/esbuild postinstall: Done
.../esbuild@0.28.2/node_modules/esbuild postinstall: Done

dependencies:
+ @vercel/connect 0.8.0
+ drizzle-orm 0.45.2
+ next 15.5.24
+ pg 8.23.0
+ playwright 1.55.1
+ react 19.1.0
+ react-dom 19.1.0
+ zod 3.25.76

devDependencies:
+ @eslint/js 9.35.0
+ @playwright/test 1.55.1
+ @types/node 24.3.0
+ @types/pg 8.23.1
+ @types/react 19.1.10
+ @types/react-dom 19.1.7
+ drizzle-kit 0.31.10
+ eslint 9.35.0
+ eslint-config-next 15.5.24
+ tsx 4.20.5
+ typescript 5.9.2
+ typescript-eslint 8.42.0
+ vitest 3.2.4

Done in 4.9s
